// Jest Snapshot v1, https://goo.gl/fbAQLP

exports[`<Footer /> renders correctly renders with a language selector 1`] = `
<div
  className="wrapper wrapper-footer"
/>
`;

exports[`<Footer /> renders correctly renders without a language selector 1`] = `
<div
  className="wrapper wrapper-footer"
/>
`;

exports[`<Footer /> renders correctly renders without a language selector in es 1`] = `
<div
  className="wrapper wrapper-footer"
/>
`;
